3
04ba9c43def04a6fbc813976a8845b42,exit_bottom_left,0,#FF0000
fe75e1d1dbcc4b54bd53e16bad9374bf,exit_top_right,0,#00FF00
12f386ff2f0e478e84424d76004e2477,question_block,0,#0000FF
3
4633555686c24b00a06b72f343fa8bba,obj_000,#FF0000,X,npc.blm,Fisher,0,1,0,1,wander,none,fisher_npc_talk
9196a135811b464fb0dcabf7e2c15ec3,obj_212,#0000FF,X,npc.blm,Baker,1,1,0,1,wander,none,baker_npc_talk
22ef01422ffb4d268aa6772f87914bfe,obj_156,#000000,X,npc.whm,Luke,0,1,0,1,wander,none,luke_npc_talk
32,32
248,0,true,[]
248,0,true,[]
248,0,true,[]
248,0,true,[]
248,0,true,[]
248,0,true,[]
248,0,true,[]
248,0,true,[]
248,0,true,[]
248,0,true,[]
248,0,true,[]
248,0,true,[]
248,0,true,[]
248,0,true,[]
248,0,true,[]
248,0,true,[]
248,0,true,[]
248,0,true,[]
248,0,true,[]
248,0,true,[]
248,0,true,[]
248,0,true,[]
248,0,true,[]
1,0,false,[fe75e1d1dbcc4b54bd53e16bad9374bf]
1,0,false,[fe75e1d1dbcc4b54bd53e16bad9374bf]
1,0,false,[fe75e1d1dbcc4b54bd53e16bad9374bf]
1,0,false,[fe75e1d1dbcc4b54bd53e16bad9374bf]
248,0,true,[]
248,0,true,[]
248,0,true,[]
248,0,true,[]
248,0,true,[]
246,0,true,[]
186,0,true,[]
186,0,true,[]
186,0,true,[]
186,0,true,[]
186,0,true,[]
186,0,true,[]
1,0,false,[]
1,0,false,[]
1,0,false,[]
1,0,false,[]
1,0,false,[]
1,0,false,[]
1,0,false,[]
1,0,false,[]
0,0,false,[]
0,0,false,[]
0,0,false,[]
0,0,false,[]
0,0,false,[]
0,0,false,[]
1,0,false,[]
248,0,true,[]
1,0,false,[fe75e1d1dbcc4b54bd53e16bad9374bf]
0,0,false,[fe75e1d1dbcc4b54bd53e16bad9374bf]
0,0,false,[fe75e1d1dbcc4b54bd53e16bad9374bf]
1,0,false,[fe75e1d1dbcc4b54bd53e16bad9374bf]
248,0,true,[]
1,0,false,[]
1,0,false,[]
1,0,false,[]
246,0,true,[]
246,0,true,[]
186,0,true,[]
203,0,false,[]
203,0,false,[]
203,0,false,[]
203,0,false,[]
186,0,true,[]
1,0,false,[]
1,0,false,[]
1,0,false,[]
1,0,false,[]
1,0,false,[]
1,0,false,[]
0,0,false,[]
0,0,false,[]
0,0,false,[]
0,0,false,[]
0,0,false,[]
0,0,false,[]
0,0,false,[]
0,0,false,[]
0,0,false,[]
248,0,true,[]
248,0,true,[]
1,0,false,[]
1,0,false,[]
248,0,true,[]
248,0,true,[]
1,0,false,[]
1,0,false,[]
1,0,false,[]
246,0,true,[]
246,0,true,[]
186,0,true,[]
203,0,false,[]
203,0,false,[]
203,0,false,[]
203,0,false,[]
186,0,true,[]
0,0,false,[]
1,0,false,[]
1,0,false,[]
0,0,false,[]
1,0,false,[]
1,0,false,[]
0,0,false,[]
0,0,false,[]
0,0,false,[]
0,0,false,[]
0,0,false,[]
0,0,false,[]
0,0,false,[]
0,0,false,[]
0,0,false,[]
0,0,false,[]
1,0,false,[]
1,0,false,[]
0,0,false,[]
1,0,false,[]
1,0,false,[]
1,0,false,[]
0,0,false,[]
1,0,false,[]
246,0,true,[]
246,0,true,[]
186,0,true,[]
203,0,false,[]
203,0,false,[]
203,0,false,[]
203,0,false,[]
203,0,false,[]
1,0,false,[]
1,0,false,[]
1,0,false,[]
1,0,false,[]
1,0,false,[]
0,0,false,[]
0,0,false,[]
0,0,false,[]
41,0,false,[]
41,0,false,[]
41,0,false,[]
41,0,false,[]
41,0,false,[]
41,0,false,[]
41,0,false,[]
0,0,false,[]
0,0,false,[]
1,0,false,[]
1,0,false,[]
0,0,false,[]
1,0,false,[]
1,0,false,[]
1,0,false,[]
1,0,false,[]
246,0,true,[]
246,0,true,[]
186,0,true,[]
137,0,true,[12f386ff2f0e478e84424d76004e2477]
203,0,false,[]
203,0,false,[]
203,0,false,[]
186,0,true,[]
1,0,false,[]
1,0,false,[]
1,0,false,[]
0,0,false,[]
0,0,false,[]
0,0,false,[]
0,0,false,[]
41,0,false,[]
41,0,false,[]
41,0,false,[]
41,0,false,[]
41,0,false,[]
41,0,false,[]
41,0,false,[]
41,0,false,[]
41,0,false,[]
41,0,false,[]
0,0,false,[]
1,0,false,[]
1,0,false,[]
1,0,false,[]
1,0,false,[]
1,0,false,[]
0,0,false,[]
246,0,true,[]
246,0,true,[]
186,0,true,[]
186,0,true,[]
186,0,true,[]
186,0,true,[]
186,0,true,[]
186,0,true,[]
1,0,false,[]
0,0,false,[]
0,0,false,[]
0,0,false,[]
0,0,false,[]
41,0,false,[]
41,0,false,[]
41,0,false,[]
41,0,false,[]
80,0,true,[]
80,0,true,[]
80,0,true,[]
80,0,true,[]
80,0,true,[]
41,0,false,[]
41,0,false,[]
41,0,false,[]
41,0,false,[]
0,0,false,[]
0,0,false,[]
0,0,false,[]
1,0,false,[]
1,0,false,[]
0,0,false,[]
246,0,true,[]
246,0,true,[]
1,0,false,[]
1,0,false,[]
1,0,false,[]
0,0,false,[]
0,0,false,[]
0,0,false,[]
0,0,false,[]
0,0,false,[]
0,0,false,[]
41,0,false,[]
41,0,false,[]
41,0,false,[]
80,0,true,[]
80,0,true,[]
80,0,true,[]
80,0,true,[]
80,0,true,[]
80,0,true,[]
2,0,true,[]
80,0,true,[]
80,0,true,[]
41,0,false,[]
41,0,false,[]
41,0,false,[]
0,0,false,[]
0,0,false,[]
0,0,false,[]
0,0,false,[]
1,0,false,[]
0,0,false,[]
246,0,true,[]
246,0,true,[]
0,0,false,[]
0,0,false,[]
41,0,false,[]
41,0,false,[]
41,0,false,[]
41,0,false,[]
41,0,false,[]
41,0,false,[]
41,0,false,[]
41,0,false,[]
80,0,true,[]
80,0,true,[]
80,0,true,[]
80,0,true,[]
80,0,true,[]
80,0,true,[]
2,0,true,[]
2,0,true,[]
2,0,true,[]
80,0,true,[]
80,0,true,[]
80,0,true,[]
41,0,false,[]
41,0,false,[]
0,0,false,[]
0,0,false,[]
0,0,false,[]
0,0,false,[]
1,0,false,[]
1,0,false,[]
246,0,true,[]
246,0,true,[]
0,0,false,[]
41,0,false,[]
41,0,false,[]
41,0,false,[]
41,0,false,[]
41,0,false,[]
80,0,true,[]
80,0,true,[]
80,0,true,[]
80,0,true,[]
80,0,true,[]
80,0,true,[]
80,0,true,[]
80,0,true,[]
2,0,true,[]
2,0,true,[]
2,0,true,[]
80,0,true,[]
80,0,true,[]
80,0,true,[]
80,0,true,[]
41,0,false,[]
41,0,false,[]
0,0,false,[]
0,0,false,[]
0,0,false,[]
0,0,false,[]
0,0,false,[]
1,0,false,[]
1,0,false,[]
246,0,true,[]
246,0,true,[]
0,0,false,[]
41,0,false,[]
41,0,false,[]
80,0,true,[]
80,0,true,[]
80,0,true,[]
80,0,true,[]
80,0,true,[]
80,0,true,[]
80,0,true,[]
80,0,true,[]
80,0,true,[]
2,0,true,[]
2,0,true,[]
2,0,true,[]
80,0,true,[]
80,0,true,[]
80,0,true,[]
80,0,true,[]
80,0,true,[]
41,0,false,[]
41,0,false,[]
0,0,false,[]
0,0,false,[]
0,0,false,[]
0,0,false,[]
0,0,false,[]
0,0,false,[]
1,0,false,[]
1,0,false,[]
246,0,true,[]
246,0,true,[]
0,0,false,[]
41,0,false,[]
41,0,false,[]
80,0,true,[]
80,0,true,[]
80,0,true,[]
80,0,true,[]
80,0,true,[]
80,0,true,[]
80,0,true,[]
2,0,true,[]
2,0,true,[]
2,0,true,[]
80,0,true,[]
80,0,true,[]
80,0,true,[]
80,0,true,[]
80,0,true,[]
41,0,false,[]
41,0,false,[]
41,0,false,[]
0,0,false,[]
0,0,false,[]
0,0,false,[]
0,0,false,[]
0,0,false,[]
0,0,false,[]
1,0,false,[]
1,0,false,[]
1,0,false,[]
246,0,true,[]
246,0,true,[]
0,0,false,[]
41,0,false,[]
41,0,false,[]
80,0,true,[]
80,0,true,[]
80,0,true,[]
80,0,true,[]
80,0,true,[]
2,0,true,[]
2,0,true,[]
2,0,true,[]
80,0,true,[]
80,0,true,[]
80,0,true,[]
80,0,true,[]
80,0,true,[]
80,0,true,[]
41,0,false,[]
41,0,false,[]
0,0,false,[]
0,0,false,[]
0,0,false,[]
0,0,false,[]
0,0,false,[]
0,0,false,[]
0,0,false,[]
0,0,false,[]
1,0,false,[]
1,0,false,[]
1,0,false,[]
246,0,true,[]
246,0,true,[]
0,0,false,[]
41,0,false,[]
41,0,false,[]
80,0,true,[]
80,0,true,[]
80,0,true,[]
80,0,true,[]
80,0,true,[]
2,0,true,[]
2,0,true,[]
2,0,true,[]
80,0,true,[]
80,0,true,[]
80,0,true,[]
80,0,true,[]
80,0,true,[]
41,0,false,[]
41,0,false,[]
0,0,false,[]
0,0,false,[]
0,0,false,[]
0,0,false,[]
0,0,false,[]
0,0,false,[]
0,0,false,[]
0,0,false,[]
1,0,false,[]
1,0,false,[]
40,0,false,[]
1,0,false,[]
246,0,true,[]
246,0,true,[]
0,0,false,[]
41,0,false,[]
41,0,false,[]
80,0,true,[]
80,0,true,[]
80,0,true,[]
80,0,true,[]
80,0,true,[]
2,0,true,[]
80,0,true,[]
2,0,true,[]
2,0,true,[]
80,0,true,[]
80,0,true,[]
80,0,true,[]
41,0,false,[]
66,0,true,[]
66,0,true,[]
42,0,false,[]
107,0,true,[]
66,0,true,[]
0,0,false,[]
0,0,false,[]
0,0,false,[]
0,0,false,[]
0,0,false,[]
40,0,false,[]
40,0,false,[]
40,0,false,[]
40,0,false,[]
246,0,true,[]
246,0,true,[]
0,0,false,[]
0,0,false,[]
41,0,false,[]
80,0,true,[]
80,0,true,[]
80,0,true,[]
80,0,true,[]
80,0,true,[]
2,0,true,[]
2,0,true,[]
2,0,true,[]
2,0,true,[]
80,0,true,[]
80,0,true,[]
80,0,true,[]
41,0,false,[]
66,0,true,[]
42,0,false,[]
42,0,false,[]
42,0,false,[]
66,0,true,[]
0,0,false,[]
1,0,false,[]
1,0,false,[]
1,0,false,[]
1,0,false,[]
40,0,false,[]
40,0,false,[]
40,0,false,[]
40,0,false,[]
246,0,true,[]
246,0,true,[]
0,0,false,[]
0,0,false,[]
41,0,false,[]
41,0,false,[]
41,0,false,[]
80,0,true,[]
80,0,true,[]
80,0,true,[]
80,0,true,[]
80,0,true,[]
80,0,true,[]
80,0,true,[]
80,0,true,[]
80,0,true,[]
80,0,true,[]
41,0,false,[]
66,0,true,[]
42,0,false,[]
42,0,false,[]
42,0,false,[]
66,0,true,[]
0,0,false,[]
1,0,false,[]
1,0,false,[]
1,0,false,[]
1,0,false,[]
40,0,false,[]
40,0,false,[]
40,0,false,[]
40,0,false,[]
246,0,true,[]
246,0,true,[]
0,0,false,[]
0,0,false,[]
0,0,false,[]
41,0,false,[]
41,0,false,[]
41,0,false,[]
80,0,true,[]
80,0,true,[]
80,0,true,[]
80,0,true,[]
80,0,true,[]
80,0,true,[]
80,0,true,[]
80,0,true,[]
80,0,true,[]
41,0,false,[]
66,0,true,[]
132,0,true,[]
42,0,false,[]
156,0,true,[]
66,0,true,[]
1,0,false,[]
1,0,false,[]
1,0,false,[]
1,0,false,[]
1,0,false,[]
40,0,false,[]
40,0,false,[]
40,0,false,[]
40,0,false,[]
246,0,true,[]
246,0,true,[]
0,0,false,[]
0,0,false,[]
0,0,false,[]
41,0,false,[]
41,0,false,[]
41,0,false,[]
41,0,false,[]
80,0,true,[]
80,0,true,[]
80,0,true,[]
80,0,true,[]
80,0,true,[]
80,0,true,[]
80,0,true,[]
41,0,false,[]
41,0,false,[]
66,0,true,[]
66,0,true,[]
66,0,true,[]
66,0,true,[]
66,0,true,[]
1,0,false,[]
1,0,false,[]
1,0,false,[]
1,0,false,[]
1,0,false,[]
40,0,false,[]
40,0,false,[]
40,0,false,[]
40,0,false,[]
246,0,true,[]
246,0,true,[]
0,0,false,[]
1,0,false,[]
1,0,false,[]
0,0,false,[]
41,0,false,[]
41,0,false,[]
41,0,false,[]
41,0,false,[]
80,0,true,[]
80,0,true,[]
80,0,true,[]
80,0,true,[]
41,0,false,[]
41,0,false,[]
41,0,false,[]
0,0,false,[]
0,0,false,[]
0,0,false,[]
1,0,false,[]
1,0,false,[]
0,0,false,[]
1,0,false,[]
1,0,false,[]
1,0,false,[]
1,0,false,[]
1,0,false,[]
40,0,false,[]
40,0,false,[]
40,0,false,[]
40,0,false,[]
246,0,true,[]
246,0,true,[]
0,0,false,[]
0,0,false,[]
1,0,false,[]
1,0,false,[]
0,0,false,[]
0,0,false,[]
41,0,false,[]
41,0,false,[]
41,0,false,[]
41,0,false,[]
41,0,false,[]
41,0,false,[]
41,0,false,[]
0,0,false,[]
0,0,false,[]
0,0,false,[]
0,0,false,[]
0,0,false,[]
1,0,false,[]
1,0,false,[]
1,0,false,[]
1,0,false,[]
1,0,false,[]
1,0,false,[]
1,0,false,[]
0,0,false,[]
40,0,false,[]
40,0,false,[]
40,0,false,[]
40,0,false,[]
246,0,true,[]
246,0,true,[]
0,0,false,[]
0,0,false,[]
1,0,false,[]
1,0,false,[]
1,0,false,[]
1,0,false,[]
0,0,false,[]
0,0,false,[]
0,0,false,[]
0,0,false,[]
0,0,false,[]
0,0,false,[]
1,0,false,[]
1,0,false,[]
1,0,false,[]
1,0,false,[]
1,0,false,[]
1,0,false,[]
1,0,false,[]
1,0,false,[]
0,0,false,[]
0,0,false,[]
1,0,false,[]
40,0,false,[]
1,0,false,[]
40,0,false,[]
40,0,false,[]
40,0,false,[]
40,0,false,[]
40,0,false,[]
246,0,true,[]
246,0,true,[]
246,0,true,[]
246,0,true,[]
1,0,false,[]
1,0,false,[]
0,0,false,[]
0,0,false,[]
1,0,false,[]
1,0,false,[]
0,0,false,[]
0,0,false,[]
0,0,false,[]
0,0,false,[]
1,0,false,[]
0,0,false,[]
0,0,false,[]
0,0,false,[]
1,0,false,[]
1,0,false,[]
1,0,false,[]
0,0,false,[]
1,0,false,[]
1,0,false,[]
40,0,false,[]
40,0,false,[]
1,0,false,[]
1,0,false,[]
1,0,false,[]
40,0,false,[]
40,0,false,[]
40,0,false,[]
246,0,true,[]
1,0,false,[04ba9c43def04a6fbc813976a8845b42]
1,0,false,[04ba9c43def04a6fbc813976a8845b42]
246,0,true,[]
1,0,false,[]
1,0,false,[]
1,0,false,[]
1,0,false,[]
1,0,false,[]
1,0,false,[]
1,0,false,[]
1,0,false,[]
1,0,false,[]
1,0,false,[]
1,0,false,[]
1,0,false,[]
1,0,false,[]
1,0,false,[]
1,0,false,[]
1,0,false,[]
1,0,false,[]
1,0,false,[]
1,0,false,[]
1,0,false,[]
40,0,false,[]
40,0,false,[]
1,0,false,[]
1,0,false,[]
1,0,false,[]
1,0,false,[]
0,0,false,[]
40,0,false,[]
246,0,true,[]
1,0,false,[04ba9c43def04a6fbc813976a8845b42]
1,0,false,[04ba9c43def04a6fbc813976a8845b42]
108,2,true,[]
1,0,false,[]
1,0,false,[]
1,0,false,[]
1,0,false,[]
1,0,false,[]
1,0,false,[]
186,0,true,[]
186,0,true,[]
186,0,true,[]
81,0,false,[]
186,0,true,[]
186,0,true,[]
1,0,false,[]
1,0,false,[]
1,0,false,[]
1,0,false,[]
1,0,false,[]
1,0,false,[]
1,0,false,[]
40,0,false,[]
40,0,false,[]
40,0,false,[]
0,0,false,[]
1,0,false,[]
1,0,false,[]
0,0,false,[]
1,0,false,[]
1,0,false,[]
246,0,true,[]
1,0,false,[04ba9c43def04a6fbc813976a8845b42]
1,0,false,[04ba9c43def04a6fbc813976a8845b42]
108,2,true,[]
1,0,false,[]
1,0,false,[]
1,0,false,[]
1,0,false,[]
1,0,false,[]
1,0,false,[]
186,0,true,[]
81,0,false,[]
81,0,false,[]
81,0,false,[]
81,0,false,[]
186,0,true,[]
1,0,false,[]
1,0,false,[]
1,0,false,[]
1,0,false,[]
1,0,false,[]
0,0,false,[]
1,0,false,[]
40,0,false,[]
40,0,false,[]
40,0,false,[]
40,0,false,[]
1,0,false,[]
0,0,false,[]
0,0,false,[]
1,0,false,[]
1,0,false,[]
246,0,true,[]
1,0,false,[04ba9c43def04a6fbc813976a8845b42]
1,0,false,[04ba9c43def04a6fbc813976a8845b42]
246,0,true,[]
1,0,false,[]
1,0,false,[]
1,0,false,[]
1,0,false,[]
1,0,false,[]
1,0,false,[]
186,0,true,[]
81,0,false,[]
81,0,false,[]
81,0,false,[]
81,0,false,[]
186,0,true,[]
1,0,false,[]
0,0,false,[]
0,0,false,[]
1,0,false,[]
1,0,false,[]
1,0,false,[]
1,0,false,[]
1,0,false,[]
40,0,false,[]
40,0,false,[]
40,0,false,[]
1,0,false,[]
0,0,false,[]
0,0,false,[]
0,0,false,[]
1,0,false,[]
246,0,true,[]
246,0,true,[]
246,0,true,[]
246,0,true,[]
1,0,false,[]
1,0,false,[]
1,0,false,[]
1,0,false,[]
1,0,false,[]
1,0,false,[]
186,0,true,[]
81,0,false,[]
81,0,false,[]
186,0,true,[]
186,0,true,[]
186,0,true,[]
1,0,false,[]
1,0,false,[]
1,0,false,[]
1,0,false,[]
0,0,false,[]
1,0,false,[]
0,0,false,[]
0,0,false,[]
40,0,false,[]
40,0,false,[]
40,0,false,[]
0,0,false,[]
0,0,false,[]
0,0,false,[]
1,0,false,[]
1,0,false,[]
246,0,true,[]
246,0,true,[]
1,0,false,[]
1,0,false,[]
1,0,false,[]
1,0,false,[]
1,0,false,[]
0,0,false,[]
1,0,false,[]
1,0,false,[]
186,0,true,[]
81,0,false,[]
81,0,false,[]
173,0,true,[]
173,0,true,[]
186,0,true,[]
1,0,false,[]
1,0,false,[]
1,0,false,[]
1,0,false,[]
1,0,false,[]
1,0,false,[]
1,0,false,[]
1,0,false,[]
40,0,false,[]
40,0,false,[]
1,0,false,[]
1,0,false,[]
1,0,false,[]
1,0,false,[]
1,0,false,[]
1,0,false,[]
246,0,true,[]
246,0,true,[]
1,0,false,[]
1,0,false,[]
1,0,false,[]
1,0,false,[]
0,0,false,[]
1,0,false,[]
1,0,false,[]
0,0,false,[]
186,0,true,[]
81,0,false,[]
81,0,false,[]
81,0,false,[]
81,0,false,[]
186,0,true,[]
1,0,false,[]
1,0,false,[]
1,0,false,[]
1,0,false,[]
1,0,false,[]
1,0,false,[]
1,0,false,[]
1,0,false,[]
1,0,false,[]
1,0,false,[]
1,0,false,[]
1,0,false,[]
1,0,false,[]
1,0,false,[]
0,0,false,[]
1,0,false,[]
246,0,true,[]
246,0,true,[]
1,0,false,[]
1,0,false,[]
1,0,false,[]
1,0,false,[]
1,0,false,[]
1,0,false,[]
0,0,false,[]
0,0,false,[]
186,0,true,[]
186,0,true,[]
186,0,true,[]
186,0,true,[]
186,0,true,[]
186,0,true,[]
1,0,false,[]
1,0,false,[]
1,0,false,[]
1,0,false,[]
1,0,false,[]
1,0,false,[]
1,0,false,[]
1,0,false,[]
1,0,false,[]
1,0,false,[]
1,0,false,[]
1,0,false,[]
0,0,false,[]
1,0,false,[]
1,0,false,[]
1,0,false,[]
246,0,true,[]
246,0,true,[]
246,0,true,[]
246,0,true,[]
246,0,true,[]
246,0,true,[]
246,0,true,[]
246,0,true,[]
246,0,true,[]
246,0,true,[]
246,0,true,[]
246,0,true,[]
246,0,true,[]
246,0,true,[]
246,0,true,[]
246,0,true,[]
246,0,true,[]
246,0,true,[]
246,0,true,[]
246,0,true,[]
246,0,true,[]
246,0,true,[]
246,0,true,[]
246,0,true,[]
246,0,true,[]
246,0,true,[]
246,0,true,[]
246,0,true,[]
246,0,true,[]
246,0,true,[]
246,0,true,[]
246,0,true,[]
246,0,true,[]
4
4633555686c24b00a06b72f343fa8bba,19,16,1,04e6c28ff2a84bba94d824b5778265e6
9196a135811b464fb0dcabf7e2c15ec3,11,26,1,fa25664736da4f69ab4e534b5548648b
9196a135811b464fb0dcabf7e2c15ec3,10,29,1,369db15d1d654473a352255040aac528
22ef01422ffb4d268aa6772f87914bfe,4,2,2,41e00e7743114c018814a566784d8830