1
04ba9c43def04a6fbc813976a8845b42,exit_bottom_right,0,#FF0000
2
4633555686c24b00a06b72f343fa8bba,obj_000,#FF0000,X,npc.blm,Townie,1,1,0,1,wander,none,guy_npc_talk
22ef01422ffb4d268aa6772f87914bfe,obj_156,#000000,X,npc.whm,Guy Fieri,0,1,0,1,wander,none,hc_npc_talk
32,32
248,0,true,[]
248,0,true,[]
248,0,true,[]
248,0,true,[]
248,0,true,[]
248,0,true,[]
248,0,true,[]
248,0,true,[]
248,0,true,[]
248,0,true,[]
248,0,true,[]
248,0,true,[]
248,0,true,[]
248,0,true,[]
248,0,true,[]
248,0,true,[]
248,0,true,[]
248,0,true,[]
248,0,true,[]
248,0,true,[]
248,0,true,[]
248,0,true,[]
248,0,true,[]
248,0,true,[]
248,0,true,[]
248,0,true,[]
248,0,true,[]
248,0,true,[]
248,0,true,[]
248,0,true,[]
248,0,true,[]
248,0,true,[]
246,0,true,[]
1,2,false,[]
1,2,false,[]
1,2,false,[]
1,2,false,[]
1,2,false,[]
1,2,false,[]
1,0,false,[]
1,0,false,[]
1,0,false,[]
1,0,false,[]
1,0,false,[]
1,0,false,[]
1,0,false,[]
1,0,false,[]
0,0,false,[]
0,0,false,[]
0,0,false,[]
0,0,false,[]
0,0,false,[]
0,0,false,[]
1,0,false,[]
1,0,false,[]
1,0,false,[]
1,0,false,[]
1,0,false,[]
1,0,false,[]
1,0,false,[]
1,0,false,[]
1,0,false,[]
1,0,false,[]
246,0,true,[]
246,0,true,[]
1,2,false,[]
1,2,false,[]
1,2,false,[]
1,2,false,[]
1,2,false,[]
1,2,false,[]
1,0,false,[]
1,0,false,[]
1,0,false,[]
1,0,false,[]
1,0,false,[]
1,0,false,[]
0,0,false,[]
0,0,false,[]
0,0,false,[]
0,0,false,[]
0,0,false,[]
0,0,false,[]
0,0,false,[]
0,0,false,[]
0,0,false,[]
1,0,false,[]
1,0,false,[]
1,0,false,[]
1,0,false,[]
1,0,false,[]
1,0,false,[]
1,0,false,[]
1,0,false,[]
1,0,false,[]
246,0,true,[]
246,0,true,[]
1,2,false,[]
1,2,false,[]
1,2,false,[]
1,2,false,[]
1,2,false,[]
1,2,false,[]
0,0,false,[]
1,0,false,[]
1,0,false,[]
0,0,false,[]
1,0,false,[]
1,0,false,[]
0,0,false,[]
0,0,false,[]
0,0,false,[]
0,0,false,[]
0,0,false,[]
0,0,false,[]
0,0,false,[]
0,0,false,[]
0,0,false,[]
1,0,false,[]
1,0,false,[]
1,0,false,[]
0,0,false,[]
1,0,false,[]
1,0,false,[]
1,0,false,[]
0,0,false,[]
1,0,false,[]
246,0,true,[]
246,0,true,[]
1,2,false,[]
1,2,false,[]
1,2,false,[]
108,0,true,[]
108,0,true,[]
108,0,true,[]
108,0,true,[]
108,0,true,[]
108,0,true,[]
108,0,true,[]
108,0,true,[]
108,0,true,[]
0,0,false,[]
0,0,false,[]
1,2,false,[]
1,2,false,[]
1,2,false,[]
1,0,false,[]
1,0,false,[]
1,0,false,[]
108,0,true,[]
108,0,true,[]
108,0,true,[]
108,0,true,[]
108,0,true,[]
108,0,true,[]
108,0,true,[]
1,0,false,[]
1,0,false,[]
1,0,false,[]
246,0,true,[]
246,0,true,[]
1,2,false,[]
1,2,false,[]
1,2,false,[]
108,0,true,[]
203,0,false,[]
203,0,false,[]
203,0,false,[]
203,0,false,[]
203,0,false,[]
203,0,false,[]
203,0,false,[]
108,0,true,[]
0,0,false,[]
1,0,false,[]
1,0,false,[]
1,0,false,[]
1,0,false,[]
1,0,false,[]
1,0,false,[]
1,0,false,[]
108,0,true,[]
203,0,false,[]
203,0,false,[]
203,0,false,[]
203,0,false,[]
203,0,false,[]
108,0,true,[]
1,0,false,[]
1,0,false,[]
0,0,false,[]
246,0,true,[]
246,0,true,[]
1,2,false,[]
1,2,false,[]
1,2,false,[]
108,0,true,[]
203,0,false,[]
203,0,false,[]
203,0,false,[]
203,0,false,[]
203,0,false,[]
203,0,false,[]
203,0,false,[]
108,0,true,[]
1,0,false,[]
1,0,false,[]
1,0,false,[]
1,0,false,[]
1,0,false,[]
1,0,false,[]
1,0,false,[]
1,0,false,[]
108,0,true,[]
203,0,false,[]
203,0,false,[]
203,0,false,[]
203,0,false,[]
203,0,false,[]
108,0,true,[]
1,0,false,[]
1,0,false,[]
0,0,false,[]
246,0,true,[]
246,0,true,[]
1,0,false,[]
1,0,false,[]
1,0,false,[]
108,0,true,[]
203,0,false,[]
203,0,false,[]
203,0,false,[]
203,0,false,[]
203,0,false,[]
203,0,false,[]
203,0,false,[]
108,0,true,[]
1,0,false,[]
1,0,false,[]
1,0,false,[]
1,0,false,[]
1,0,false,[]
1,0,false,[]
1,0,false,[]
1,0,false,[]
108,0,true,[]
203,0,false,[]
203,0,false,[]
203,0,false,[]
203,0,false,[]
203,0,false,[]
108,0,true,[]
0,0,false,[]
1,0,false,[]
0,0,false,[]
246,0,true,[]
246,0,true,[]
0,0,false,[]
0,0,false,[]
1,0,false,[]
108,0,true,[]
203,0,false,[]
203,0,false,[]
203,0,false,[]
203,0,false,[]
203,0,false,[]
203,0,false,[]
203,0,false,[]
108,0,true,[]
1,0,false,[]
1,0,false,[]
1,0,false,[]
1,0,false,[]
1,0,false,[]
1,0,false,[]
1,0,false,[]
1,0,false,[]
108,0,true,[]
203,0,false,[]
203,0,false,[]
203,0,false,[]
203,0,false,[]
203,0,false,[]
108,0,true,[]
0,0,false,[]
1,0,false,[]
1,0,false,[]
246,0,true,[]
246,0,true,[]
0,0,false,[]
1,0,false,[]
1,0,false,[]
108,0,true,[]
108,0,true,[]
108,0,true,[]
108,0,true,[]
108,0,true,[]
186,0,false,[]
108,0,true,[]
108,0,true,[]
108,0,true,[]
1,0,false,[]
1,0,false,[]
1,0,false,[]
1,0,false,[]
1,0,false,[]
1,0,false,[]
1,0,false,[]
1,0,false,[]
108,0,true,[]
203,0,false,[]
203,0,false,[]
203,0,false,[]
203,0,false,[]
203,0,false,[]
108,0,true,[]
0,0,false,[]
1,0,false,[]
1,0,false,[]
246,0,true,[]
246,0,true,[]
0,0,false,[]
1,0,false,[]
1,0,false,[]
1,0,false,[]
1,0,false,[]
1,0,false,[]
1,0,false,[]
186,0,false,[]
186,0,false,[]
1,0,false,[]
1,0,false,[]
1,0,false,[]
1,0,false,[]
1,0,false,[]
1,0,false,[]
1,0,false,[]
1,0,false,[]
1,0,false,[]
1,0,false,[]
1,0,false,[]
108,0,true,[]
108,0,true,[]
108,0,true,[]
186,0,false,[]
108,0,true,[]
108,0,true,[]
108,0,true,[]
0,0,false,[]
1,0,false,[]
1,0,false,[]
246,0,true,[]
246,0,true,[]
0,0,false,[]
1,0,false,[]
1,0,false,[]
1,0,false,[]
1,0,false,[]
1,0,false,[]
1,0,false,[]
186,0,false,[]
186,0,false,[]
186,0,false,[]
186,0,false,[]
186,0,false,[]
186,0,false,[]
186,0,false,[]
186,0,false,[]
186,0,false,[]
186,0,false,[]
186,0,false,[]
186,0,false,[]
186,0,false,[]
186,0,false,[]
186,0,false,[]
186,0,false,[]
186,0,false,[]
186,0,false,[]
0,0,false,[]
0,0,false,[]
1,0,false,[]
1,0,false,[]
1,0,false,[]
246,0,true,[]
246,0,true,[]
0,0,false,[]
1,0,false,[]
1,0,false,[]
1,0,false,[]
1,0,false,[]
1,0,false,[]
1,0,false,[]
186,0,false,[]
186,0,false,[]
186,0,false,[]
186,0,false,[]
186,0,false,[]
186,0,false,[]
186,0,false,[]
186,0,false,[]
186,0,false,[]
186,0,false,[]
186,0,false,[]
186,0,false,[]
186,0,false,[]
186,0,false,[]
186,0,false,[]
186,0,false,[]
186,0,false,[]
186,0,false,[]
0,0,false,[]
0,0,false,[]
1,0,false,[]
1,0,false,[]
1,0,false,[]
246,0,true,[]
246,0,true,[]
0,0,false,[]
1,0,false,[]
108,0,true,[]
108,0,true,[]
108,0,true,[]
108,0,true,[]
108,0,true,[]
108,0,true,[]
108,0,true,[]
108,0,true,[]
108,0,true,[]
1,0,false,[]
1,0,false,[]
186,0,false,[]
186,0,false,[]
1,0,false,[]
108,0,true,[]
108,0,true,[]
108,0,true,[]
108,0,true,[]
108,0,true,[]
108,0,true,[]
186,0,false,[]
186,0,false,[]
0,0,false,[]
0,0,false,[]
1,2,false,[]
1,2,false,[]
1,2,false,[]
1,0,false,[]
246,0,true,[]
246,0,true,[]
0,0,false,[]
1,0,false,[]
108,0,true,[]
203,0,false,[]
203,0,false,[]
203,0,false,[]
203,0,false,[]
203,0,false,[]
203,0,false,[]
203,0,false,[]
108,0,true,[]
1,0,false,[]
1,0,false,[]
186,0,false,[]
186,0,false,[]
1,0,false,[]
108,0,true,[]
203,0,false,[]
203,0,false,[]
203,0,false,[]
203,0,false,[]
108,0,true,[]
186,0,false,[]
186,0,false,[]
0,0,false,[]
0,0,false,[]
1,2,false,[]
1,2,false,[]
1,2,false,[]
1,2,false,[]
246,0,true,[]
246,0,true,[]
0,0,false,[]
0,0,false,[]
108,0,true,[]
203,0,false,[]
203,0,false,[]
203,0,false,[]
203,0,false,[]
203,0,false,[]
203,0,false,[]
203,0,false,[]
108,0,true,[]
1,0,false,[]
1,0,false,[]
186,0,false,[]
186,0,false,[]
1,0,false,[]
108,0,true,[]
203,0,false,[]
203,0,false,[]
203,0,false,[]
203,0,false,[]
186,0,false,[]
186,0,false,[]
186,0,false,[]
1,0,false,[]
1,0,false,[]
1,2,false,[]
1,2,false,[]
1,2,false,[]
1,2,false,[]
246,0,true,[]
246,0,true,[]
0,0,false,[]
0,0,false,[]
108,0,true,[]
203,0,false,[]
203,0,false,[]
203,0,false,[]
203,0,false,[]
203,0,false,[]
203,0,false,[]
203,0,false,[]
108,0,true,[]
1,0,false,[]
1,0,false,[]
186,0,false,[]
186,0,false,[]
1,0,false,[]
108,0,true,[]
203,0,false,[]
203,0,false,[]
203,0,false,[]
203,0,false,[]
108,0,true,[]
186,0,false,[]
186,0,false,[]
1,0,false,[]
1,0,false,[]
1,2,false,[]
1,2,false,[]
1,2,false,[]
1,2,false,[]
246,0,true,[]
246,0,true,[]
0,0,false,[]
0,0,false,[]
108,0,true,[]
203,0,false,[]
203,0,false,[]
203,0,false,[]
203,0,false,[]
203,0,false,[]
203,0,false,[]
203,0,false,[]
186,0,false,[]
186,0,false,[]
186,0,false,[]
186,0,false,[]
186,0,false,[]
1,0,false,[]
108,0,true,[]
203,0,false,[]
203,0,false,[]
203,0,false,[]
203,0,false,[]
108,0,true,[]
108,0,true,[]
108,0,true,[]
1,0,false,[]
1,0,false,[]
1,2,false,[]
1,2,false,[]
1,2,false,[]
1,2,false,[]
246,0,true,[]
246,0,true,[]
0,0,false,[]
0,0,false,[]
108,0,true,[]
108,0,true,[]
108,0,true,[]
108,0,true,[]
203,0,false,[]
203,0,false,[]
203,0,false,[]
203,0,false,[]
108,0,true,[]
1,0,false,[]
1,0,false,[]
186,0,false,[]
186,0,false,[]
1,0,false,[]
108,0,true,[]
203,0,false,[]
203,0,false,[]
203,0,false,[]
203,0,false,[]
203,0,false,[]
203,0,false,[]
108,0,true,[]
1,0,false,[]
1,0,false,[]
1,2,false,[]
1,2,false,[]
1,2,false,[]
1,2,false,[]
246,0,true,[]
246,0,true,[]
0,0,false,[]
1,0,false,[]
1,0,false,[]
0,0,false,[]
1,0,false,[]
108,0,true,[]
203,0,false,[]
203,0,false,[]
203,0,false,[]
203,0,false,[]
108,0,true,[]
1,0,false,[]
1,0,false,[]
186,0,false,[]
186,0,false,[]
0,0,false,[]
108,0,true,[]
203,0,false,[]
203,0,false,[]
203,0,false,[]
203,0,false,[]
203,0,false,[]
203,0,false,[]
108,0,true,[]
1,0,false,[]
1,0,false,[]
1,2,false,[]
1,2,false,[]
1,2,false,[]
1,2,false,[]
246,0,true,[]
246,0,true,[]
0,0,false,[]
0,0,false,[]
1,0,false,[]
1,0,false,[]
0,0,false,[]
108,0,true,[]
108,0,true,[]
108,0,true,[]
108,0,true,[]
108,0,true,[]
108,0,true,[]
1,0,false,[]
1,0,false,[]
186,0,false,[]
186,0,false,[]
0,0,false,[]
108,0,true,[]
203,0,false,[]
203,0,false,[]
203,0,false,[]
203,0,false,[]
203,0,false,[]
203,0,false,[]
108,0,true,[]
1,0,false,[]
1,2,false,[]
1,2,false,[]
1,2,false,[]
1,2,false,[]
1,2,false,[]
246,0,true,[]
246,0,true,[]
0,0,false,[]
0,0,false,[]
1,0,false,[]
1,0,false,[]
1,0,false,[]
1,0,false,[]
0,0,false,[]
0,0,false,[]
0,0,false,[]
0,0,false,[]
0,0,false,[]
0,0,false,[]
1,0,false,[]
186,0,false,[]
186,0,false,[]
1,0,false,[]
108,0,true,[]
108,0,true,[]
108,0,true,[]
108,0,true,[]
108,0,true,[]
108,0,true,[]
108,0,true,[]
108,0,true,[]
1,2,false,[]
1,2,false,[]
1,2,false,[]
1,2,false,[]
1,2,false,[]
1,2,false,[]
246,0,true,[]
246,0,true,[]
1,2,false,[]
1,2,false,[]
1,0,false,[]
1,0,false,[]
0,0,false,[]
0,0,false,[]
1,0,false,[]
1,0,false,[]
0,0,false,[]
0,0,false,[]
0,0,false,[]
0,0,false,[]
1,0,false,[]
186,0,false,[]
186,0,false,[]
0,0,false,[]
1,0,false,[]
1,0,false,[]
1,0,false,[]
0,0,false,[]
1,0,false,[]
1,0,false,[]
1,2,false,[]
1,2,false,[]
1,2,false,[]
1,0,false,[]
1,2,false,[]
1,2,false,[]
1,2,false,[]
1,2,false,[]
246,0,true,[]
246,0,true,[]
1,2,false,[]
1,2,false,[]
1,0,false,[]
1,0,false,[]
1,0,false,[]
1,0,false,[]
1,0,false,[]
1,0,false,[]
1,0,false,[]
1,0,false,[]
1,0,false,[]
1,0,false,[]
1,0,false,[]
186,0,false,[]
186,0,false,[]
1,0,false,[]
1,0,false,[]
1,0,false,[]
1,0,false,[]
1,0,false,[]
1,0,false,[]
1,0,false,[]
1,2,false,[]
1,2,false,[]
1,2,false,[]
1,0,false,[]
1,0,false,[]
1,2,false,[]
1,2,false,[]
1,2,false,[]
246,0,true,[]
246,0,true,[]
1,2,false,[]
1,2,false,[]
1,0,false,[]
1,0,false,[]
1,0,false,[]
1,0,false,[]
1,0,false,[]
1,0,false,[]
1,2,false,[]
1,2,false,[]
1,2,false,[]
1,2,false,[]
1,2,false,[]
186,0,false,[]
186,0,false,[]
186,0,false,[]
186,0,false,[]
186,0,false,[]
186,0,false,[]
186,0,false,[]
186,0,false,[]
186,0,false,[]
186,0,false,[]
186,0,false,[]
186,0,false,[]
1,0,false,[]
1,0,false,[]
0,0,false,[]
1,0,false,[]
1,0,false,[]
246,0,true,[]
246,0,true,[]
1,0,false,[]
1,2,false,[]
1,0,false,[]
1,0,false,[]
1,0,false,[]
1,0,false,[]
1,0,false,[]
1,0,false,[]
1,2,false,[]
1,2,false,[]
1,2,false,[]
1,2,false,[]
1,2,false,[]
186,0,false,[]
186,0,false,[]
186,0,false,[]
186,0,false,[]
186,0,false,[]
186,0,false,[]
186,0,false,[]
186,0,false,[]
186,0,false,[]
186,0,false,[]
186,0,false,[]
186,0,false,[]
1,0,false,[]
0,0,false,[]
0,0,false,[]
1,0,false,[]
1,0,false,[]
246,0,true,[]
246,0,true,[]
1,2,false,[]
1,2,false,[]
1,0,false,[]
1,0,false,[]
1,0,false,[]
1,0,false,[]
1,0,false,[]
1,2,false,[]
1,2,false,[]
1,2,false,[]
1,2,false,[]
1,2,false,[]
1,2,false,[]
1,2,false,[]
1,0,false,[]
0,0,false,[]
0,0,false,[]
1,0,false,[]
1,0,false,[]
1,0,false,[]
1,0,false,[]
1,0,false,[]
1,2,false,[]
186,0,false,[]
186,0,false,[]
1,0,false,[]
0,0,false,[]
0,0,false,[]
0,0,false,[]
1,0,false,[]
246,0,true,[]
246,0,true,[]
1,2,false,[]
1,2,false,[]
1,0,false,[]
1,0,false,[]
1,0,false,[]
1,0,false,[]
1,0,false,[]
1,0,false,[]
1,2,false,[]
1,2,false,[]
1,2,false,[]
1,2,false,[]
1,2,false,[]
1,2,false,[]
1,0,false,[]
1,0,false,[]
1,0,false,[]
1,0,false,[]
0,0,false,[]
1,0,false,[]
0,0,false,[]
1,0,false,[]
1,0,false,[]
186,0,false,[]
186,0,false,[]
0,0,false,[]
0,0,false,[]
0,0,false,[]
1,0,false,[]
1,0,false,[]
246,0,true,[]
246,0,true,[]
1,0,false,[]
1,0,false,[]
1,0,false,[]
1,0,false,[]
1,0,false,[]
0,0,false,[]
1,0,false,[]
1,0,false,[]
1,2,false,[]
1,2,false,[]
1,2,false,[]
1,2,false,[]
1,2,false,[]
1,2,false,[]
1,0,false,[]
1,0,false,[]
1,0,false,[]
1,0,false,[]
1,0,false,[]
1,0,false,[]
1,0,false,[]
1,0,false,[]
1,0,false,[]
186,0,false,[]
186,0,false,[]
1,0,false,[]
1,0,false,[]
1,0,false,[]
1,0,false,[]
1,0,false,[]
246,0,true,[]
246,0,true,[]
1,0,false,[]
1,0,false,[]
1,0,false,[]
1,0,false,[]
0,0,false,[]
1,0,false,[]
1,0,false,[]
0,0,false,[]
1,2,false,[]
1,2,false,[]
1,2,false,[]
1,2,false,[]
1,2,false,[]
1,2,false,[]
1,0,false,[]
1,0,false,[]
1,0,false,[]
1,0,false,[]
1,0,false,[]
1,0,false,[]
1,0,false,[]
246,0,true,[]
246,0,true,[]
186,0,false,[04ba9c43def04a6fbc813976a8845b42]
186,0,false,[04ba9c43def04a6fbc813976a8845b42]
246,0,true,[]
248,0,true,[]
1,0,false,[]
1,0,false,[]
1,0,false,[]
246,0,true,[]
246,0,true,[]
1,0,false,[]
1,0,false,[]
1,0,false,[]
1,0,false,[]
1,0,false,[]
1,0,false,[]
0,0,false,[]
0,0,false,[]
1,2,false,[]
1,2,false,[]
1,2,false,[]
1,2,false,[]
1,2,false,[]
1,2,false,[]
1,0,false,[]
1,0,false,[]
1,0,false,[]
1,0,false,[]
1,0,false,[]
1,0,false,[]
1,0,false,[]
246,0,true,[]
1,0,false,[04ba9c43def04a6fbc813976a8845b42]
186,0,false,[04ba9c43def04a6fbc813976a8845b42]
186,0,false,[04ba9c43def04a6fbc813976a8845b42]
1,0,false,[04ba9c43def04a6fbc813976a8845b42]
248,0,true,[]
1,0,false,[]
1,0,false,[]
1,0,false,[]
246,0,true,[]
246,0,true,[]
246,0,true,[]
246,0,true,[]
246,0,true,[]
246,0,true,[]
246,0,true,[]
246,0,true,[]
246,0,true,[]
246,0,true,[]
246,0,true,[]
246,0,true,[]
246,0,true,[]
246,0,true,[]
246,0,true,[]
246,0,true,[]
246,0,true,[]
246,0,true,[]
246,0,true,[]
246,0,true,[]
246,0,true,[]
246,0,true,[]
246,0,true,[]
246,0,true,[]
1,0,false,[04ba9c43def04a6fbc813976a8845b42]
186,0,false,[04ba9c43def04a6fbc813976a8845b42]
186,0,false,[04ba9c43def04a6fbc813976a8845b42]
1,0,false,[04ba9c43def04a6fbc813976a8845b42]
246,0,true,[]
246,0,true,[]
246,0,true,[]
246,0,true,[]
246,0,true,[]
6
4633555686c24b00a06b72f343fa8bba,6,6,2,77f99fd64f7840c9898c22eebc7613dd
4633555686c24b00a06b72f343fa8bba,26,6,2,0cf839c18b5a4d59800f564f26ff009c
4633555686c24b00a06b72f343fa8bba,24,7,2,aff0bfe4953b4959a77668e966374758
4633555686c24b00a06b72f343fa8bba,6,15,2,4c7b2feec20e4ec69eb883f62b616ff0
4633555686c24b00a06b72f343fa8bba,9,16,2,cb30a70f3f03414389a9d43f393de0ec
22ef01422ffb4d268aa6772f87914bfe,19,18,2,f95627a5bb5c4246b5d3ebb5129ac34b